exports[`DropDownMenu 01 renders (closed) 1`] = `
<div>
  <div
    className="giu-floats"
    style={
      Object {
        "height": 0,
        "left": 0,
        "position": "absolute",
        "top": 0,
        "width": 0,
      }
    } />
  <span
    className="giu-select-custom"
    onClick={[Function]}
    onMouseDown={[Function]}
    style={
      Object {
        "display": "inline-block",
        "position": "relative",
      }
    }>
    <input
      onBlur={[Function]}
      onCopy={[Function]}
      onCut={[Function]}
      onFocus={[Function]}
      onKeyDown={[Function]}
      onPaste={[Function]}
      style={
        Object {
          "cursor": "default",
          "height": 0,
          "left": 8,
          "opacity": 0,
          "padding": 0,
          "pointerEvents": "none",
          "position": "fixed",
          "top": 8,
          "width": 0,
          "zIndex": -80,
        }
      }
      tabIndex={undefined} />
    <div
      onMouseDown={[Function]}
      style={
        Object {
          "backgroundColor": undefined,
          "color": undefined,
          "cursor": "pointer",
          "display": "inline-block",
        }
      }>
      Menu title
    </div>
  </span>
</div>
------------HTML PREVIEW---------------
<div>
  <div
    class="giu-floats"
    style="height:0;left:0;position:absolute;top:0;width:0;"
  >
  </div>
  <span
    class="giu-select-custom"
    style="display:inline-block;position:relative;"
  >
    <input style="cursor:default;height:0;left:8px;opacity:0;padding:0;pointer-events:none;position:fixed;top:8px;width:0;z-index:-80;">
    <div style="cursor:pointer;display:inline-block;">
      Menu title
    </div>
  </span>
</div>
`;

exports[`DropDownMenu 02 opens when clicked upon 1`] = `
<div>
  <div
    className="giu-floats"
    style={
      Object {
        "height": 0,
        "left": 0,
        "position": "absolute",
        "top": 0,
        "width": 0,
      }
    } />
  <span
    className="giu-select-custom"
    onClick={[Function]}
    onMouseDown={[Function]}
    style={
      Object {
        "display": "inline-block",
        "position": "relative",
      }
    }>
    <input
      onBlur={[Function]}
      onCopy={[Function]}
      onCut={[Function]}
      onFocus={[Function]}
      onKeyDown={[Function]}
      onPaste={[Function]}
      style={
        Object {
          "cursor": "default",
          "height": 0,
          "left": 8,
          "opacity": 0,
          "padding": 0,
          "pointerEvents": "none",
          "position": "fixed",
          "top": 8,
          "width": 0,
          "zIndex": -80,
        }
      }
      tabIndex={undefined} />
    <div
      onMouseDown={[Function]}
      style={
        Object {
          "backgroundColor": undefined,
          "color": undefined,
          "cursor": "pointer",
          "display": "inline-block",
        }
      }>
      Menu title
    </div>
  </span>
</div>
------------HTML PREVIEW---------------
<div>
  <div
    class="giu-floats"
    style="height:0;left:0;position:absolute;top:0;width:0;"
  >
  </div>
  <span
    class="giu-select-custom"
    style="display:inline-block;position:relative;"
  >
    <input style="cursor:default;height:0;left:8px;opacity:0;padding:0;pointer-events:none;position:fixed;top:8px;width:0;z-index:-80;">
    <div style="cursor:pointer;display:inline-block;">
      Menu title
    </div>
  </span>
</div>
`;
